---
source: crates/ripe-tui/src/ui/mod.rs
expression: "render_to_string(&mut app, 120, 40)"
---
 PIPES   EDIT  RUN  VIEW  HELP                               news_pipeline.pipe                               ● 8 nodes
┌Palette─────────────┐┏Canvas━━━━━━━━━━━━━━━━━━━━━━━━━━━━━━━━━━━━━━━━━━━━━━━━━━━━━━━━━┓┌Preview────────────────────────┐
│NODES               │┃╔════════════════════════════╗   ╭────────────────────────────╮┃│ FEED    ITEMS    RAW          │
│  filter           t│┃║1  Fetch Feed               ║   │5  Fetch Feed               │┃│                               │
│  limit            l│┃║https://hnrss.or… ✓ 44 items║   │https://www.redd… ✓ 44 items│┃│    M13: preview lands here    │
│  regex            r│┃╚════════════════════════════╝   ╰────────────────────────────╯┃│                               │
│  reverse           │┃               ▼                                │              ┃│                               │
│  sort             s│┃╭────────────────────────────╮                  │              ┃│                               │
│  tail              │┃│2  Filter                   │                  │              ┃│                               │
│  transform        m│┃│item.pubDate > n… ✓ 32 items│                  │              ┃│                               │
│  union            u│┃╰────────────────────────────╯                  │              ┃│                               │
│  unique           q│┃               ▼                                │              ┃│                               │
│                    │┃╭────────────────────────────╮                  │              ┃│                               │
│SOURCES             │┃│3  Regex                    │                  │              ┃│                               │
│  fetch_csv         │┃│^\[(?<score>\d+)… ✓ 32 items│                  │              ┃│                               │
│  fetch_feed        │┃╰────────────────────────────╯                  │              ┃│                               │
│  fetch_json        │┃               ▼                                │              ┃│                               │
│                    │┃╭────────────────────────────╮                  │              ┃│                               │
│SINKS               │┃│4  Filter                   │                  │              ┃│                               │
│  output            │┃│score > 100       ✓ 12 items│                  │              ┃│                               │
│                    │┃╰────────────────────────────╯                  │              ┃│                               │
│                    │┃               ├────────────────────────────────┘              ┃│                               │
│                    │┃╭────────────────────────────╮                                 ┃│                               │
│                    │┃│6  Union                    │                                 ┃│                               │
│                    │┃│merge streams     ✓ 44 items│                                 ┃│                               │
│                    │┃╰────────────────────────────╯                                 ┃│                               │
│                    │┃               ▼                                               ┃│                               │
│                    │┃╭────────────────────────────╮                                 ┃│                               │
│                    │┃│7  Sort                     │                                 ┃│                               │
│                    │┃│By: pubDate desc  ✓ 44 items│                                 ┃│                               │
│                    │┃╰────────────────────────────╯                                 ┃│                               │
│                    │┃               ▼                                               ┃│                               │
│                    │┃╭────────────────────────────╮                                 ┃│                               │
│                    │┃│8  Output                   │                                 ┃│                               │
│                    │┃│rss → temp://out… ✓ 44 items│                                 ┃│                               │
│                    │┃╰────────────────────────────╯                                 ┃│                               │
│                    │┃                                                               ┃│                               │
│                    │┃                                                               ┃│               Auto refresh: on│
└────────────────────┘┗━━━━━━━━━━━━━━━━━━━━━━━━━━━━━━━━━━━━━━━━━━━━━━━━━━━━━━━━━━━━━━━┛└───────────────────────────────┘
 Mode: Normal                                                              j/k move   tab switch pane   ? help   q quit
