---
source: crates/ripe-tui/src/ui/mod.rs
expression: "render_to_string(&mut app, 120, 40)"
---
 PIPES   EDIT  RUN  VIEW  HELP                               news_pipeline.pipe                               ● 3 nodes
┏Palette━━━━━━━━━━━━━┓┌Canvas─────────────────────────────────────────────────────────┐┌Preview────────────────────────┐
┃NODES               ┃│╔════════════════════════════╗                                 ││ FEED    ITEMS    RAW          │
┃  filter           t┃│║1  Fetch Feed               ║                                 ││                               │
┃  limit            l┃│║https://example.com/rss     ║                                 ││    M13: preview lands here    │
┃  regex            r┃│╚════════════════════════════╝                                 ││                               │
┃  reverse           ┃│               ▼                                               ││                               │
┃  sort             s┃│╭────────────────────────────╮                                 ││                               │
┃  tail              ┃││2  Filter                   │                                 ││                               │
┃  transform        m┃││(no rules)                  │                                 ││                               │
┃  union            u┃│╰────────────────────────────╯                                 ││                               │
┃  unique           q┃│               ▼                                               ││                               │
┃                    ┃│╭────────────────────────────╮                                 ││                               │
┃SOURCES             ┃││3  Output                   │                                 ││                               │
┃  fetch_csv         ┃││rss → stdout                │                                 ││                               │
┃  fetch_feed        ┃│╰────────────────────────────╯                                 ││                               │
┃  fetch_json        ┃│                                                               ││                               │
┃                    ┃│                                                               ││                               │
┃SINKS               ┃│                                                               ││                               │
┃  output            ┃│                                                               ││                               │
┃                    ┃│                                                               ││                               │
┃                    ┃│                                                               ││                               │
┃                    ┃│                                                               ││                               │
┃                    ┃│                                                               ││                               │
┃                    ┃│                                                               ││                               │
┃                    ┃│                                                               ││                               │
┃                    ┃│                                                               ││                               │
┃                    ┃│                                                               ││                               │
┃                    ┃│                                                               ││                               │
┃                    ┃│                                                               ││                               │
┃                    ┃│                                                               ││                               │
┃                    ┃│                                                               ││                               │
┃                    ┃│                                                               ││                               │
┃                    ┃│                                                               ││                               │
┃                    ┃│                                                               ││                               │
┃                    ┃│                                                               ││                               │
┃                    ┃│                                                               ││                               │
┃                    ┃│                                                               ││               Auto refresh: on│
┗━━━━━━━━━━━━━━━━━━━━┛└───────────────────────────────────────────────────────────────┘└───────────────────────────────┘
 Mode: Normal                                                                         tab switch pane   ? help   q quit
