---
source: crates/ripe-tui/src/ui/mod.rs
expression: "render_to_string(&mut app, 120, 40)"
---
 PIPES   EDIT  RUN  VIEW  HELP                                   tall.pipe                                   ● 11 nodes
┌Palette─────────────┐┏Canvas━━━━━━━━━━━━━━━━━━━━━━━━━━━━━━━━━━━━━━━━━━━━━━━━━━━━━━━━━┓┌Preview────────────────────────┐
│NODES               │┃╰───────────────────────────↑ more                             ┃│ FEED    ITEMS    RAW          │
│  filter           t│┃               ▼                                               ┃│                               │
│  limit            l│┃╭────────────────────────────╮                                 ┃│    M13: preview lands here    │
│  regex            r│┃│5  Filter                   │                                 ┃│                               │
│  reverse           │┃│(no rules)                  │                                 ┃│                               │
│  sort             s│┃╰────────────────────────────╯                                 ┃│                               │
│  tail              │┃               ▼                                               ┃│                               │
│  transform        m│┃╭────────────────────────────╮                                 ┃│                               │
│  union            u│┃│6  Filter                   │                                 ┃│                               │
│  unique           q│┃│(no rules)                  │                                 ┃│                               │
│                    │┃╰────────────────────────────╯                                 ┃│                               │
│SOURCES             │┃               ▼                                               ┃│                               │
│  fetch_csv         │┃╭────────────────────────────╮                                 ┃│                               │
│  fetch_feed        │┃│7  Filter                   │                                 ┃│                               │
│  fetch_json        │┃│(no rules)                  │                                 ┃│                               │
│                    │┃╰────────────────────────────╯                                 ┃│                               │
│SINKS               │┃               ▼                                               ┃│                               │
│  output            │┃╭────────────────────────────╮                                 ┃│                               │
│                    │┃│8  Filter                   │                                 ┃│                               │
│                    │┃│(no rules)                  │                                 ┃│                               │
│                    │┃╰────────────────────────────╯                                 ┃│                               │
│                    │┃               ▼                                               ┃│                               │
│                    │┃╭────────────────────────────╮                                 ┃│                               │
│                    │┃│9  Filter                   │                                 ┃│                               │
│                    │┃│(no rules)                  │                                 ┃│                               │
│                    │┃╰────────────────────────────╯                                 ┃│                               │
│                    │┃               ▼                                               ┃│                               │
│                    │┃╭────────────────────────────╮                                 ┃│                               │
│                    │┃│10  Filter                  │                                 ┃│                               │
│                    │┃│(no rules)                  │                                 ┃│                               │
│                    │┃╰────────────────────────────╯                                 ┃│                               │
│                    │┃               ▼                                               ┃│                               │
│                    │┃╔════════════════════════════╗                                 ┃│                               │
│                    │┃║11  Output                  ║                                 ┃│                               │
│                    │┃║rss → stdout                ║                                 ┃│                               │
│                    │┃╚════════════════════════════╝                                 ┃│               Auto refresh: on│
└────────────────────┘┗━━━━━━━━━━━━━━━━━━━━━━━━━━━━━━━━━━━━━━━━━━━━━━━━━━━━━━━━━━━━━━━┛└───────────────────────────────┘
 Mode: Normal                                                              j/k move   tab switch pane   ? help   q quit
